Updated existing trait in expanded version only: hats/HEADBAND
Updated existing trait in expanded version only: hats/HOODIE
Updated existing trait in expanded version only: eyewear/SHADES
Updated existing trait in expanded version only: eyewear/GLASSES
Updated existing trait in expanded version only: eyewear/MOGGED
Updated existing trait in expanded version only: eyewear/HEARTGLASSES
Updated existing trait in expanded version only: eyewear/CYBERSHADES
Updated existing trait in expanded version only: eyewear/COOLSHADES
Expanded art: 191664000 combinations, 11731 storage bytes; legacy artifacts preserved; export sha256 639463739fb34575b3998d098e3274bdf454b0e465c7a8eb3f36227bdfae328d
Expanded and legacy client renderer fixtures verified
✓ no-governance gate: clean (proposeCarpetBomb|voteCarpetBomb|castWeightOn|QUORUM_BIPS all dead)
CurveHook: runtime 20379, initcode 21958
HookDeployer: runtime 2183, initcode 25585
HookInitCode: runtime 876, initcode 23275
PSPFactory: runtime 19795, initcode 26845
SineV3Math: runtime 14182, initcode 14897
Excluded prototype VectorPepeDescriptor: 181095 bytes; NOT DEPLOYABLE, not used by DeployPSP
Size gate: 50 production artifacts passed (constructor arguments require deployment checks).
SineV3Data0: returned data runtime 21993 bytes
SineV3Data1: returned data runtime 22001 bytes
SineV3Data2: returned data runtime 22001 bytes
SineV3Data3: returned data runtime 18705 bytes
Independent sine vectors match.
primitive anchors: 512/4937
primitive anchors: 1024/4937
primitive anchors: 1536/4937
primitive anchors: 2048/4937
primitive anchors: 2560/4937
primitive anchors: 3072/4937
primitive anchors: 3584/4937
primitive anchors: 4096/4937
primitive anchors: 4608/4937
primitive anchors: 4938, split-cell relative error 4.784e-42
sine v3 generated files match.
Monotone price: coefficients ordered, analytic error bounds pass, 117 independent fixtures match.
150 independent small-reserve fixtures; worst Simpson split difference 6.0845E-35
{
  "cells": 4937,
  "samples_per_cell": 81,
  "worst_relative_density": "9.84065191262670088674988671605313171513772886071580572588700E-11",
  "worst_at": [
    715,
    "1",
    "0.644443438595304509894186213126855276922259045059395462297075681280578"
  ],
  "minimum_coefficient_ratio": "0.5216544741287248979320209680792219840685340262022396490747450690424454",
  "largest_absolute_signed_sum": "47044541898427000183743479466335468607004523896101926460777",
  "largest_cell_span_f36": "989195820481800499700747478139240409377270881909191570.7799871299132866"
}
ABI gate: 172 functions/events match Foundry artifacts; PoolKey encoding exact.
TAP version 13
# Subtest: deployed getter bytes preserve deposit amount and genesis claim availability
ok 1 - deployed getter bytes preserve deposit amount and genesis claim availability
  ---
  duration_ms: 5.737041
  type: 'test'
  ...
# Subtest: curve config getter returns price and packed timings as two outputs
ok 2 - curve config getter returns price and packed timings as two outputs
  ---
  duration_ms: 5.769
  type: 'test'
  ...
# Subtest: unrepresentable chart labels remain unavailable instead of throwing
ok 3 - unrepresentable chart labels remain unavailable instead of throwing
  ---
  duration_ms: 1.152792
  type: 'test'
  ...
# Subtest: oversized swaps decode across the hook, routers, and nested V4 errors
ok 4 - oversized swaps decode across the hook, routers, and nested V4 errors
  ---
  duration_ms: 5.068792
  type: 'test'
  ...
# Subtest: capacity and curve errors give useful feedback without changing unknown errors
ok 5 - capacity and curve errors give useful feedback without changing unknown errors
  ---
  duration_ms: 0.630875
  type: 'test'
  ...
# Subtest: v3 helper and round errors remain readable through V4 wrappers
ok 6 - v3 helper and round errors remain readable through V4 wrappers
  ---
  duration_ms: 1.433625
  type: 'test'
  ...
# Subtest: monotone-core errors decode from bare selectors and wrapped data
ok 7 - monotone-core errors decode from bare selectors and wrapped data
  ---
  duration_ms: 3.694667
  type: 'test'
  ...
# Subtest: capacity simulation failure never submits and shows a readable toast
ok 8 - capacity simulation failure never submits and shows a readable toast
  ---
  duration_ms: 0.849375
  type: 'test'
  ...
# Subtest: atomic wallet failure shows a readable error without fabricating a hash
ok 9 - atomic wallet failure shows a readable error without fabricating a hash
  ---
  duration_ms: 1.423583
  type: 'test'
  ...
# Subtest: v3 manifest reads the versioned curve, pins its helper and checks materialization
ok 10 - v3 manifest reads the versioned curve, pins its helper and checks materialization
  ---
  duration_ms: 3.416417
  type: 'test'
  ...
# Subtest: unlaunched v3 manifest accepts the fixed 0.005 floor with no materialized curve
ok 11 - unlaunched v3 manifest accepts the fixed 0.005 floor with no materialized curve
  ---
  duration_ms: 0.4555
  type: 'test'
  ...
# Subtest: v3 manifest rejects stale minima, helper substitution and invalid materialized values
ok 12 - v3 manifest rejects stale minima, helper substitution and invalid materialized values
  ---
  duration_ms: 3.437458
  type: 'test'
  ...
# Subtest: legacy manifest keeps the original parameter tuple and static minimum
ok 13 - legacy manifest keeps the original parameter tuple and static minimum
  ---
  duration_ms: 0.256542
  type: 'test'
  ...
# Subtest: unknown versions and failed version reads never fall back to legacy curve decoding
ok 14 - unknown versions and failed version reads never fall back to legacy curve decoding
  ---
  duration_ms: 1.470167
  type: 'test'
  ...
# Subtest: registry helper discovery requires the current getter and rejects failed or invalid reads
ok 15 - registry helper discovery requires the current getter and rejects failed or invalid reads
  ---
  duration_ms: 0.993291
  type: 'test'
  ...
# Subtest: legacy deployer artifacts omit the helper without an RPC probe
ok 16 - legacy deployer artifacts omit the helper without an RPC probe
  ---
  duration_ms: 0.379167
  type: 'test'
  ...
# Subtest: registry helper executable code must match without immutable exclusions
ok 17 - registry helper executable code must match without immutable exclusions
  ---
  duration_ms: 0.468083
  type: 'test'
  ...
# Subtest: dirty-source bypass is limited to an explicitly labeled local Base Sepolia Anvil rehearsal
ok 18 - dirty-source bypass is limited to an explicitly labeled local Base Sepolia Anvil rehearsal
  ---
  duration_ms: 1.136084
  type: 'test'
  ...
# Subtest: runtime matching allows constructor immutables while rejecting changed executable code and bad ranges
ok 19 - runtime matching allows constructor immutables while rejecting changed executable code and bad ranges
  ---
  duration_ms: 0.742084
  type: 'test'
  ...
# Subtest: factory history starts at a successful canonical CREATE receipt for that factory
ok 20 - factory history starts at a successful canonical CREATE receipt for that factory
  ---
  duration_ms: 0.45825
  type: 'test'
  ...
# Subtest: timing inspection pins detonation and wallet cap to their separate 64-bit fields
ok 21 - timing inspection pins detonation and wallet cap to their separate 64-bit fields
  ---
  duration_ms: 0.293417
  type: 'test'
  ...
# Subtest: uncapped version two defaults and short playtest overrides are independently verified
ok 22 - uncapped version two defaults and short playtest overrides are independently verified
  ---
  duration_ms: 0.157958
  type: 'test'
  ...
# Subtest: frontend export uses public RPCs and confirmed creation block, leaving naming disabled for its separate release
ok 23 - frontend export uses public RPCs and confirmed creation block, leaving naming disabled for its separate release
  ---
  duration_ms: 0.656792
  type: 'test'
  ...
# Subtest: rehearsal frontend reads stay local and cannot fall back to the real testnet
ok 24 - rehearsal frontend reads stay local and cannot fall back to the real testnet
  ---
  duration_ms: 0.716208
  type: 'test'
  ...
# Subtest: sine data authentication checks the full STOP-prefixed runtime and exact length
ok 25 - sine data authentication checks the full STOP-prefixed runtime and exact length
  ---
  duration_ms: 2.296417
  type: 'test'
  ...
# Subtest: deployment runner defaults to a local rehearsal with the current uncapped testnet profile
ok 26 - deployment runner defaults to a local rehearsal with the current uncapped testnet profile
  ---
  duration_ms: 0.43125
  type: 'test'
  ...
# Subtest: live deployment needs an explicit keystore and sender and refuses private-key CLI input
ok 27 - live deployment needs an explicit keystore and sender and refuses private-key CLI input
  ---
  duration_ms: 0.979875
  type: 'test'
  ...
# Subtest: invalid timing and narrowed sine inputs fail before connecting or writing
ok 28 - invalid timing and narrowed sine inputs fail before connecting or writing
  ---
  duration_ms: 0.772416
  type: 'test'
  ...
# Subtest: v3 deployment accepts bounded launch prices and rejects every retired curve override
ok 29 - v3 deployment accepts bounded launch prices and rejects every retired curve override
  ---
  duration_ms: 0.524042
  type: 'test'
  ...
# Subtest: network preflight rejects wrong chain, missing pool manager and non-Anvil rehearsal endpoints
ok 30 - network preflight rejects wrong chain, missing pool manager and non-Anvil rehearsal endpoints
  ---
  duration_ms: 1.088875
  type: 'test'
  ...
# Subtest: addresses come from successful matching receipts and every submitted transaction is checked
ok 31 - addresses come from successful matching receipts and every submitted transaction is checked
  ---
  duration_ms: 0.300417
  type: 'test'
  ...
# Subtest: old-round exits are independent of current-round game constants
ok 32 - old-round exits are independent of current-round game constants
  ---
  duration_ms: 1.538541
  type: 'test'
  ...
# Subtest: exit bypass rejects altered targets, new exposure, unrelated approvals and ETH
ok 33 - exit bypass rejects altered targets, new exposure, unrelated approvals and ETH
  ---
  duration_ms: 0.125583
  type: 'test'
  ...
# Subtest: exit preflight reads only the selected registry entry even if the current round is unreadable
ok 34 - exit preflight reads only the selected registry entry even if the current round is unreadable
  ---
  duration_ms: 0.354083
  type: 'test'
  ...
# Subtest: paper and thumbnail match all specified cube-root milestones
ok 35 - paper and thumbnail match all specified cube-root milestones
  ---
  duration_ms: 2.284167
  type: 'test'
  ...
# Subtest: paper scaling changes additional backing by square root across example raises
ok 36 - paper scaling changes additional backing by square root across example raises
  ---
  duration_ms: 1.01125
  type: 'test'
  ...
# Subtest: the signed curve supports prelaunch prices and continues after wave ten
ok 37 - the signed curve supports prelaunch prices and continues after wave ten
  ---
  duration_ms: 9.29
  type: 'test'
  ...
# Subtest: paper tickets round up in integer wei and retain the one-wei floor
ok 38 - paper tickets round up in integer wei and retain the one-wei floor
  ---
  duration_ms: 1.601583
  type: 'test'
  ...
# Subtest: paper clock rejects below the current spot and counts exact whole tickets
ok 39 - paper clock rejects below the current spot and counts exact whole tickets
  ---
  duration_ms: 0.58425
  type: 'test'
  ...
# Subtest: paper decimal entry and labels preserve sub-picounit ticket prices
ok 40 - paper decimal entry and labels preserve sub-picounit ticket prices
  ---
  duration_ms: 1.493792
  type: 'test'
  ...
# Subtest: rendered paper shows eleven wave markers and the current ticket threshold
ok 41 - rendered paper shows eleven wave markers and the current ticket threshold
  ---
  duration_ms: 33.479166
  type: 'test'
  ...
# Subtest: minimum ladder threshold, multiple seats, and 69-second increments
ok 42 - minimum ladder threshold, multiple seats, and 69-second increments
  ---
  duration_ms: 0.857625
  type: 'test'
  ...
# Subtest: split orders cannot manufacture seats or time from remainders
ok 43 - split orders cannot manufacture seats or time from remainders
  ---
  duration_ms: 0.47375
  type: 'test'
  ...
# Subtest: slippage preserves exact integer floor beyond JS number precision
ok 44 - slippage preserves exact integer floor beyond JS number precision
  ---
  duration_ms: 0.318292
  type: 'test'
  ...
# Subtest: legacy deployment rules cannot authorize new-interface actions
ok 45 - legacy deployment rules cannot authorize new-interface actions
  ---
  duration_ms: 0.901917
  type: 'test'
  ...
# Subtest: linear tickets rise smoothly from the genesis pot and floor only whole tickets
ok 46 - linear tickets rise smoothly from the genesis pot and floor only whole tickets
  ---
  duration_ms: 0.419916
  type: 'test'
  ...
# Subtest: v3 tickets cover the whole pot with exact ceiling division through uint256 max
ok 47 - v3 tickets cover the whole pot with exact ceiling division through uint256 max
  ---
  duration_ms: 0.315542
  type: 'test'
  ...
# Subtest: v3 minimum is one exact current ticket and missing rules fail closed
ok 48 - v3 minimum is one exact current ticket and missing rules fail closed
  ---
  duration_ms: 0.2535
  type: 'test'
  ...
# Subtest: ticket guards reject missing and stale quotes without losing bigint precision
ok 49 - ticket guards reject missing and stale quotes without losing bigint precision
  ---
  duration_ms: 0.16075
  type: 'test'
  ...
# Subtest: graveyard winner labels cover all ten ladder ranks and group sizes
ok 50 - graveyard winner labels cover all ten ladder ranks and group sizes
  ---
  duration_ms: 0.360625
  type: 'test'
  ...
# Subtest: history starts at deployment, advances in bounded pages and replaces reorg overlap
ok 51 - history starts at deployment, advances in bounded pages and replaces reorg overlap
  ---
  duration_ms: 2.968958
  type: 'test'
  ...
# Subtest: failed history pages do not skip events on retry
ok 52 - failed history pages do not skip events on retry
  ---
  duration_ms: 0.602625
  type: 'test'
  ...
# Subtest: losing eligibility cannot silently turn a reviewed free registration into a paid transaction
ok 53 - losing eligibility cannot silently turn a reviewed free registration into a paid transaction
  ---
  duration_ms: 0.497708
  type: 'test'
  ...
# Subtest: name plans persist exactly and reject malformed local-storage data
ok 54 - name plans persist exactly and reject malformed local-storage data
  ---
  duration_ms: 0.737917
  type: 'test'
  ...
# Subtest: label validation covers the contract boundaries
ok 55 - label validation covers the contract boundaries
  ---
  duration_ms: 0.260416
  type: 'test'
  ...
# Subtest: commitments bind the name, secret, wallet, network, parent and registrar
ok 56 - commitments bind the name, secret, wallet, network, parent and registrar
  ---
  duration_ms: 3.918958
  type: 'test'
  ...
# Subtest: registration preflight pins custody, rules, proof and fee to one block
ok 57 - registration preflight pins custody, rules, proof and fee to one block
  ---
  duration_ms: 0.430542
  type: 'test'
  ...
# Subtest: wrong network, ABI rules, parent, custody, epoch and source block registration
ok 58 - wrong network, ABI rules, parent, custody, epoch and source block registration
  ---
  duration_ms: 4.565542
  type: 'test'
  ...
# Subtest: unavailable eligibility never quietly charges a funded wallet
ok 59 - unavailable eligibility never quietly charges a funded wallet
  ---
  duration_ms: 0.145917
  type: 'test'
  ...
# Subtest: eligibility enumeration reaches older rounds and NFTs after the first batch
ok 60 - eligibility enumeration reaches older rounds and NFTs after the first batch
  ---
  duration_ms: 4.423625
  type: 'test'
  ...
# Subtest: cancelled eligibility scans stop before further round reads
ok 61 - cancelled eligibility scans stop before further round reads
  ---
  duration_ms: 0.500291
  type: 'test'
  ...
# Subtest: hybrid quote keeps PSP reads on source and WNS reads on destination
ok 62 - hybrid quote keeps PSP reads on source and WNS reads on destination
  ---
  duration_ms: 1.636833
  type: 'test'
  ...
# Subtest: empty wallets use exact paid path while source failures, wrong chain or revoked signer block free quoting
ok 63 - empty wallets use exact paid path while source failures, wrong chain or revoked signer block free quoting
  ---
  duration_ms: 0.715042
  type: 'test'
  ...
# Subtest: permit transport accepts only a bounded, complete contract proof
ok 64 - permit transport accepts only a bounded, complete contract proof
  ---
  duration_ms: 19.044917
  type: 'test'
  ...
# Subtest: verifier outages and unsettled ownership produce errors rather than a paid permit
ok 65 - verifier outages and unsettled ownership produce errors rather than a paid permit
  ---
  duration_ms: 0.441583
  type: 'test'
  ...
# Subtest: safe transfer input rejects malformed, zero, self and staking-contract recipients
ok 66 - safe transfer input rejects malformed, zero, self and staking-contract recipients
  ---
  duration_ms: 1.287167
  type: 'test'
  ...
# Subtest: upgraded reinvestment grants only missing individual approvals
ok 67 - upgraded reinvestment grants only missing individual approvals
  ---
  duration_ms: 0.499625
  type: 'test'
  ...
# Subtest: existing collection approval works and legacy fallback stays explicit
ok 68 - existing collection approval works and legacy fallback stays explicit
  ---
  duration_ms: 0.092625
  type: 'test'
  ...
# Subtest: unknown capability or invalid batches cause zero approval writes
ok 69 - unknown capability or invalid batches cause zero approval writes
  ---
  duration_ms: 0.285
  type: 'test'
  ...
# Subtest: transferred NFT stops approval for the entire batch before a wallet prompt
ok 70 - transferred NFT stops approval for the entire batch before a wallet prompt
  ---
  duration_ms: 0.102208
  type: 'test'
  ...
# Subtest: wallet or ownership changes during the first approval stop subsequent signatures
ok 71 - wallet or ownership changes during the first approval stop subsequent signatures
  ---
  duration_ms: 0.164833
  type: 'test'
  ...
# Subtest: rejected, reverted and unconfirmed approvals never proceed
ok 72 - rejected, reverted and unconfirmed approvals never proceed
  ---
  duration_ms: 0.173625
  type: 'test'
  ...
# Subtest: revocation of an earlier approval is rechecked after later approvals
ok 73 - revocation of an earlier approval is rechecked after later approvals
  ---
  duration_ms: 0.080958
  type: 'test'
  ...
# Subtest: round-specific NFT management admits only safe transfers and revocations
ok 74 - round-specific NFT management admits only safe transfers and revocations
  ---
  duration_ms: 0.345792
  type: 'test'
  ...
# Subtest: bulk reinvestment requests one collection approval, then none on repeat
ok 75 - bulk reinvestment requests one collection approval, then none on repeat
  ---
  duration_ms: 3.823709
  type: 'test'
  ...
# Subtest: bulk approval still aborts after ownership or session changes
ok 76 - bulk approval still aborts after ownership or session changes
  ---
  duration_ms: 0.27675
  type: 'test'
  ...
# Subtest: a successor clears rebirth and settlement even while the old-round reader and local receipt persist
ok 77 - a successor clears rebirth and settlement even while the old-round reader and local receipt persist
  ---
  duration_ms: 2.179875
  type: 'test'
  ...
# Subtest: settlement must belong to this round and hook, regardless of polling order
ok 78 - settlement must belong to this round and hook, regardless of polling order
  ---
  duration_ms: 0.253375
  type: 'test'
  ...
# Subtest: claim amounts stay scoped to the settled round and its hook
ok 79 - claim amounts stay scoped to the settled round and its hook
  ---
  duration_ms: 0.32125
  type: 'test'
  ...
# Subtest: an RPC outage hides spawning until current-round reads recover
ok 80 - an RPC outage hides spawning until current-round reads recover
  ---
  duration_ms: 0.047792
  type: 'test'
  ...
# Subtest: loading, zero and unknown round state never offer a spawn
ok 81 - loading, zero and unknown round state never offer a spawn
  ---
  duration_ms: 0.107
  type: 'test'
  ...
# Subtest: claims and reinvestment move pending to paid without resetting earned fees
ok 82 - claims and reinvestment move pending to paid without resetting earned fees
  ---
  duration_ms: 2.486583
  type: 'test'
  ...
# Subtest: missing reads remain unknown instead of presenting partial fee totals
ok 83 - missing reads remain unknown instead of presenting partial fee totals
  ---
  duration_ms: 0.168417
  type: 'test'
  ...
# Subtest: explains nested insufficient-allowance revert signatures
ok 84 - explains nested insufficient-allowance revert signatures
  ---
  duration_ms: 0.756042
  type: 'test'
  ...
# Subtest: explains decoded insufficient allowance and preserves unrelated errors
ok 85 - explains decoded insufficient allowance and preserves unrelated errors
  ---
  duration_ms: 0.158167
  type: 'test'
  ...
# Subtest: 499.9999999 stays visibly below 500 and MAX preserves its exact dust remainder
ok 86 - 499.9999999 stays visibly below 500 and MAX preserves its exact dust remainder
  ---
  duration_ms: 2.455375
  type: 'test'
  ...
# Subtest: the live round remainder and one-wei cap boundary never become rounded 500/500
ok 87 - the live round remainder and one-wei cap boundary never become rounded 500/500
  ---
  duration_ms: 0.129584
  type: 'test'
  ...
# Subtest: all positive sub-buy-minimum deposits qualify, beyond just a final-cap-fill exception
ok 88 - all positive sub-buy-minimum deposits qualify, beyond just a final-cap-fill exception
  ---
  duration_ms: 0.090709
  type: 'test'
  ...
# Subtest: legacy and unreadable deployments retain their actual old minimum
ok 89 - legacy and unreadable deployments retain their actual old minimum
  ---
  duration_ms: 0.04525
  type: 'test'
  ...
# Subtest: MAX respects wallet headroom, global headroom and balance, clamping already-filled caps
ok 90 - MAX respects wallet headroom, global headroom and balance, clamping already-filled caps
  ---
  duration_ms: 0.107709
  type: 'test'
  ...
# Subtest: wei-scale MAX remains exact across a deterministic range of wallet, balance and global limits
ok 91 - wei-scale MAX remains exact across a deterministic range of wallet, balance and global limits
  ---
  duration_ms: 0.927834
  type: 'test'
  ...
# Subtest: version two zero-cap IBCOs take exact wallet balance, including tiny and very large raises
ok 92 - version two zero-cap IBCOs take exact wallet balance, including tiny and very large raises
  ---
  duration_ms: 0.066208
  type: 'test'
  ...
# Subtest: zero means unlimited only with the exact on-chain version capability
ok 93 - zero means unlimited only with the exact on-chain version capability
  ---
  duration_ms: 0.041416
  type: 'test'
  ...
# Subtest: legacy selector absence hides the new rewards path, while connection errors remain errors
ok 94 - legacy selector absence hides the new rewards path, while connection errors remain errors
  ---
  duration_ms: 0.518167
  type: 'test'
  ...
# Subtest: claims verify the selected historic registry without consulting the latest round or NFT balance
ok 95 - claims verify the selected historic registry without consulting the latest round or NFT balance
  ---
  duration_ms: 0.582208
  type: 'test'
  ...
# Subtest: claim exception rejects wrong round targets, unrelated actions, recipients and native ETH
ok 96 - claim exception rejects wrong round targets, unrelated actions, recipients and native ETH
  ---
  duration_ms: 0.287541
  type: 'test'
  ...
# Subtest: claim preflight fails closed on legacy, future-version and unreadable registries
ok 97 - claim preflight fails closed on legacy, future-version and unreadable registries
  ---
  duration_ms: 0.102417
  type: 'test'
  ...
# Subtest: referral claim calldata contains no arbitrary payout recipient
ok 98 - referral claim calldata contains no arbitrary payout recipient
  ---
  duration_ms: 0.304791
  type: 'test'
  ...
# Subtest: 20 distinct quips leave room for the testnet label and X-shortened referral URL
ok 99 - 20 distinct quips leave room for the testnet label and X-shortened referral URL
  ---
  duration_ms: 0.722667
  type: 'test'
  ...
# Subtest: reroll can reach either end of the list while skipping the current quip
ok 100 - reroll can reach either end of the list while skipping the current quip
  ---
  duration_ms: 0.161375
  type: 'test'
  ...
# Subtest: X intent preserves the complete referral scope and full uint256 ID
ok 101 - X intent preserves the complete referral scope and full uint256 ID
  ---
  duration_ms: 1.327875
  type: 'test'
  ...
# Subtest: practice-network shares identify the playtest while mainnet shares keep the brand
ok 102 - practice-network shares identify the playtest while mainnet shares keep the brand
  ---
  duration_ms: 0.788667
  type: 'test'
  ...
# Subtest: shared art uses selected NFT on-chain DNA including zero, rather than deriving it from its ID
ok 103 - shared art uses selected NFT on-chain DNA including zero, rather than deriving it from its ID
  ---
  duration_ms: 0.921167
  type: 'test'
  ...
# Subtest: failed DNA reads stay retryable and never substitute another Pepe
ok 104 - failed DNA reads stay retryable and never substitute another Pepe
  ---
  duration_ms: 0.287208
  type: 'test'
  ...
# Subtest: generated link round-trips with chain and round registry scope
ok 105 - generated link round-trips with chain and round registry scope
  ---
  duration_ms: 2.768208
  type: 'test'
  ...
# Subtest: old rounds and other chains cannot reuse an NFT id as a referral
ok 106 - old rounds and other chains cannot reuse an NFT id as a referral
  ---
  duration_ms: 0.119792
  type: 'test'
  ...
# Subtest: legacy id-only links and unscoped persisted values are rejected
ok 107 - legacy id-only links and unscoped persisted values are rejected
  ---
  duration_ms: 0.073666
  type: 'test'
  ...
# Subtest: a scoped hint survives reload without becoming on-chain attribution
ok 108 - a scoped hint survives reload without becoming on-chain attribution
  ---
  duration_ms: 0.061833
  type: 'test'
  ...
# Subtest: malformed and overflowing parameters never reach a transaction
ok 109 - malformed and overflowing parameters never reach a transaction
  ---
  duration_ms: 0.179708
  type: 'test'
  ...
# Subtest: uint256 maximum is accepted and case-normalized registry keys match
ok 110 - uint256 maximum is accepted and case-normalized registry keys match
  ---
  duration_ms: 0.43125
  type: 'test'
  ...
# Subtest: recorded attribution always wins over an incoming link
ok 111 - recorded attribution always wins over an incoming link
  ---
  duration_ms: 0.084583
  type: 'test'
  ...
# Subtest: an unresolved wallet referral never silently drops the incoming hint
ok 112 - an unresolved wallet referral never silently drops the incoming hint
  ---
  duration_ms: 0.134917
  type: 'test'
  ...
# Subtest: purchase and approval preflight rejects legacy or stale round targets
ok 113 - purchase and approval preflight rejects legacy or stale round targets
  ---
  duration_ms: 0.2125
  type: 'test'
  ...
# Subtest: buy calldata contains the referral alongside price protection; no trader override exists
ok 114 - buy calldata contains the referral alongside price protection; no trader override exists
  ---
  duration_ms: 11.309083
  type: 'test'
  ...
# Subtest: reinvestment requires both current-round wiring and corrected buyer attribution
ok 115 - reinvestment requires both current-round wiring and corrected buyer attribution
  ---
  duration_ms: 1.055042
  type: 'test'
  ...
# Subtest: failed rule reads retry without caching an incompatible deployment
ok 116 - failed rule reads retry without caching an incompatible deployment
  ---
  duration_ms: 1.533583
  type: 'test'
  ...
# Subtest: a real legacy-rule mismatch remains incompatible
ok 117 - a real legacy-rule mismatch remains incompatible
  ---
  duration_ms: 0.175542
  type: 'test'
  ...
# Subtest: RPC availability errors stay distinct from contract and game-rule failures
ok 118 - RPC availability errors stay distinct from contract and game-rule failures
  ---
  duration_ms: 0.778166
  type: 'test'
  ...
# Subtest: a full final ladder awards the canonical shares in newest-seat order
ok 119 - a full final ladder awards the canonical shares in newest-seat order
  ---
  duration_ms: 0.84075
  type: 'test'
  ...
# Subtest: wallet totals sum individually floored prizes, including case-insensitive repeated seats
ok 120 - wallet totals sum individually floored prizes, including case-insensitive repeated seats
  ---
  duration_ms: 0.085583
  type: 'test'
  ...
# Subtest: a single seat wins the whole pot and a zero-seat round has an empty winners list
ok 121 - a single seat wins the whole pot and a zero-seat round has an empty winners list
  ---
  duration_ms: 0.057208
  type: 'test'
  ...
# Subtest: archive reads only the final ten seats and never subtracts already claimed winnings
ok 122 - archive reads only the final ten seats and never subtracts already claimed winnings
  ---
  duration_ms: 0.16425
  type: 'test'
  ...
# Subtest: small ladders read only occupied seats and renormalize; an empty ladder needs no board calls
ok 123 - small ladders read only occupied seats and renormalize; an empty ladder needs no board calls
  ---
  duration_ms: 0.08075
  type: 'test'
  ...
# Subtest: a failed or missing seat rejects the list instead of inflating the other winners’ shares
ok 124 - a failed or missing seat rejects the list instead of inflating the other winners’ shares
  ---
  duration_ms: 0.226917
  type: 'test'
  ...
# Subtest: live rounds and invalid winner addresses cannot appear as finalized results
ok 125 - live rounds and invalid winner addresses cannot appear as finalized results
  ---
  duration_ms: 0.146541
  type: 'test'
  ...
# Subtest: different dead rounds read their own hook and preserve their own winners
ok 126 - different dead rounds read their own hook and preserve their own winners
  ---
  duration_ms: 0.074
  type: 'test'
  ...
# Subtest: concurrent wallet reads batch and deduplicate without mixing reversed responses
ok 127 - concurrent wallet reads batch and deduplicate without mixing reversed responses
  ---
  duration_ms: 38.101208
  type: 'test'
  ...
# Subtest: one reverted read does not replace another wallet balance or silently return zero
ok 128 - one reverted read does not replace another wallet balance or silently return zero
  ---
  duration_ms: 24.31175
  type: 'test'
  ...
# Subtest: a stalled RPC releases the read for the polling hook to retry
ok 129 - a stalled RPC releases the read for the polling hook to retry
  ---
  duration_ms: 58.118833
  type: 'test'
  ...
# Subtest: chain-aware view reads use one Multicall3 eth_call and keep each result attached to its request
ok 130 - chain-aware view reads use one Multicall3 eth_call and keep each result attached to its request
  ---
  duration_ms: 290.898958
  type: 'test'
  ...
# Subtest: a rate-limited provider falls back for reads without dropping their arguments
ok 131 - a rate-limited provider falls back for reads without dropping their arguments
  ---
  duration_ms: 44.07825
  type: 'test'
  ...
# Subtest: quote, rate and mode are read in one explicit aggregate at the same block
ok 132 - quote, rate and mode are read in one explicit aggregate at the same block
  ---
  duration_ms: 45.423208
  type: 'test'
  ...
# Subtest: a missing fee read rejects the entire quote snapshot
ok 133 - a missing fee read rejects the entire quote snapshot
  ---
  duration_ms: 43.697875
  type: 'test'
  ...
# Subtest: the active chart renders finite, increasing prices and correctly scaled PSP supply without point RPCs
ok 134 - the active chart renders finite, increasing prices and correctly scaled PSP supply without point RPCs
  ---
  duration_ms: 2.936167
  type: 'test'
  ...
# Subtest: unmaterialized chart coefficients cannot produce a misleading chart
ok 135 - unmaterialized chart coefficients cannot produce a misleading chart
  ---
  duration_ms: 0.320584
  type: 'test'
  ...
# Subtest: chart geometry grows past the old four-wave end and keeps headroom beyond 10k
ok 136 - chart geometry grows past the old four-wave end and keeps headroom beyond 10k
  ---
  duration_ms: 9.710125
  type: 'test'
  ...
# Subtest: expansion preserves the original curve and launch supply
ok 137 - expansion preserves the original curve and launch supply
  ---
  duration_ms: 6.140542
  type: 'test'
  ...
# Subtest: expanded logarithmic axes use bounded, ordered ticks inside the visible range
ok 138 - expanded logarithmic axes use bounded, ordered ticks inside the visible range
  ---
  duration_ms: 1.281125
  type: 'test'
  ...
# Subtest: ten-million reserve extrapolation is bounded without inventing capped prices
ok 139 - ten-million reserve extrapolation is bounded without inventing capped prices
  ---
  duration_ms: 16.482334
  type: 'test'
  ...
# Subtest: dimensionless v2 charts preserve legacy geometry and scale with the IBCO
ok 140 - dimensionless v2 charts preserve legacy geometry and scale with the IBCO
  ---
  duration_ms: 0.827
  type: 'test'
  ...
# Subtest: scaled rounds use wavelength headroom instead of a fixed 1000 mixETH jump
ok 141 - scaled rounds use wavelength headroom instead of a fixed 1000 mixETH jump
  ---
  duration_ms: 0.047584
  type: 'test'
  ...
# Subtest: v3 chart covers real reserves from zero with ten correct postlaunch milestones
ok 142 - v3 chart covers real reserves from zero with ten correct postlaunch milestones
  ---
  duration_ms: 5.045542
  type: 'test'
  ...
# Subtest: v3 live chart stops at the current helper domain instead of quoting impossible states
ok 143 - v3 live chart stops at the current helper domain instead of quoting impossible states
  ---
  duration_ms: 8.863875
  type: 'test'
  ...
# Subtest: v3 expands through wave 64 while preserving detail around the launch
ok 144 - v3 expands through wave 64 while preserving detail around the launch
  ---
  duration_ms: 2.87675
  type: 'test'
  ...
# Subtest: v3 chart capacity matches the generated settlement data
ok 145 - v3 chart capacity matches the generated settlement data
  ---
  duration_ms: 0.623666
  type: 'test'
  ...
# Subtest: a prelaunch chart refreshes when the same hook launches, then caches its coefficients
ok 146 - a prelaunch chart refreshes when the same hook launches, then caches its coefficients
  ---
  duration_ms: 12.729833
  type: 'test'
  ...
# Subtest: failed coefficient reads retry rather than caching a permanent chart failure
ok 147 - failed coefficient reads retry rather than caching a permanent chart failure
  ---
  duration_ms: 1.372709
  type: 'test'
  ...
# Subtest: a successor hook gets an independent coefficient read
ok 148 - a successor hook gets an independent coefficient read
  ---
  duration_ms: 1.504333
  type: 'test'
  ...
# Subtest: new and explicit legacy sine versions resolve without interpretation guesses
ok 149 - new and explicit legacy sine versions resolve without interpretation guesses
  ---
  duration_ms: 2.05125
  type: 'test'
  ...
# Subtest: only a missing legacy selector falls back, while transport failures retry
ok 150 - only a missing legacy selector falls back, while transport failures retry
  ---
  duration_ms: 0.490542
  type: 'test'
  ...
# Subtest: top-up input preserves exact Max and single-wei amounts without rounding
ok 151 - top-up input preserves exact Max and single-wei amounts without rounding
  ---
  duration_ms: 1.163083
  type: 'test'
  ...
# Subtest: top-up approves only the requested amount and keeps the owner and NFT id
ok 152 - top-up approves only the requested amount and keeps the owner and NFT id
  ---
  duration_ms: 1.287292
  type: 'test'
  ...
# Subtest: existing PSP allowance skips a redundant approval
ok 153 - existing PSP allowance skips a redundant approval
  ---
  duration_ms: 0.350417
  type: 'test'
  ...
# Subtest: insufficient balance, transferred NFT, withdrawal and dead rounds never request approval
ok 154 - insufficient balance, transferred NFT, withdrawal and dead rounds never request approval
  ---
  duration_ms: 0.742375
  type: 'test'
  ...
# Subtest: approval rejection, revert or unknown confirmation cannot proceed to staking
ok 155 - approval rejection, revert or unknown confirmation cannot proceed to staking
  ---
  duration_ms: 0.412958
  type: 'test'
  ...
# Subtest: state changes during approval are rechecked before the second wallet transaction
ok 156 - state changes during approval are rechecked before the second wallet transaction
  ---
  duration_ms: 0.333625
  type: 'test'
  ...
# Subtest: wallet, chain or round change while checking or approving stops the top-up
ok 157 - wallet, chain or round change while checking or approving stops the top-up
  ---
  duration_ms: 0.298209
  type: 'test'
  ...
# Subtest: failed staking receipt propagates as a failure and never repeats the write
ok 158 - failed staking receipt propagates as a failure and never repeats the write
  ---
  duration_ms: 0.1255
  type: 'test'
  ...
# Subtest: round start lookup includes construction, handles timestamp gaps and rejects a lagging head
ok 159 - round start lookup includes construction, handles timestamp gaps and rejects a lagging head
  ---
  duration_ms: 0.716416
  type: 'test'
  ...
# Subtest: a late round loads from its own creation block, including the first trade
ok 160 - a late round loads from its own creation block, including the first trade
  ---
  duration_ms: 0.733792
  type: 'test'
  ...
# Subtest: recent trades appear before long backfill finishes and partial totals never read as zero
ok 161 - recent trades appear before long backfill finishes and partial totals never read as zero
  ---
  duration_ms: 0.359333
  type: 'test'
  ...
# Subtest: a later failed page retains progress and recent trades, then resumes without skipping totals
ok 162 - a later failed page retains progress and recent trades, then resumes without skipping totals
  ---
  duration_ms: 0.223125
  type: 'test'
  ...
# Subtest: failed refresh keeps known totals and recovers with the new trade
ok 163 - failed refresh keeps known totals and recovers with the new trade
  ---
  duration_ms: 0.116375
  type: 'test'
  ...
# Subtest: concurrent subscribers share a poll and different rounds retain separate histories
ok 164 - concurrent subscribers share a poll and different rounds retain separate histories
  ---
  duration_ms: 0.10775
  type: 'test'
  ...
# Subtest: summary handles numeric ordering, zero clock extension, fees, sells and duplicate pages
ok 165 - summary handles numeric ordering, zero clock extension, fees, sells and duplicate pages
  ---
  duration_ms: 0.185167
  type: 'test'
  ...
# Subtest: several buys in one transaction retain their individual clock extensions
ok 166 - several buys in one transaction retain their individual clock extensions
  ---
  duration_ms: 0.054875
  type: 'test'
  ...
# Subtest: a short reorg replaces changed trades and removes orphaned totals
ok 167 - a short reorg replaces changed trades and removes orphaned totals
  ---
  duration_ms: 0.239083
  type: 'test'
  ...
# Subtest: buy fees use gross mixETH input and preserve the quoted PSP output
ok 168 - buy fees use gross mixETH input and preserve the quoted PSP output
  ---
  duration_ms: 1.091584
  type: 'test'
  ...
# Subtest: sell fee estimates recover gross-based fees within one wei without reducing net output
ok 169 - sell fee estimates recover gross-based fees within one wei without reducing net output
  ---
  duration_ms: 3.352834
  type: 'test'
  ...
# Subtest: flat sells show zero fees regardless of the sliding-rate getter
ok 170 - flat sells show zero fees regardless of the sliding-rate getter
  ---
  duration_ms: 0.071417
  type: 'test'
  ...
# Subtest: invalid quotes, fee rates and inactive modes cannot produce a fee estimate
ok 171 - invalid quotes, fee rates and inactive modes cannot produce a fee estimate
  ---
  duration_ms: 0.236291
  type: 'test'
  ...
# Subtest: manual dismissal suppresses later transaction updates
ok 172 - manual dismissal suppresses later transaction updates
  ---
  duration_ms: 1.666875
  type: 'test'
  ...
# Subtest: expired pending toast can return with final receipt, and refresh errors cannot undo success
ok 173 - expired pending toast can return with final receipt, and refresh errors cannot undo success
  ---
  duration_ms: 0.369542
  type: 'test'
  ...
# Subtest: dependent operations wait for successful mining and use replacement hash
ok 174 - dependent operations wait for successful mining and use replacement hash
  ---
  duration_ms: 0.641166
  type: 'test'
  ...
# Subtest: failed simulation never opens wallet
ok 175 - failed simulation never opens wallet
  ---
  duration_ms: 0.535416
  type: 'test'
  ...
# Subtest: submitted but reverted transaction is not success
ok 176 - submitted but reverted transaction is not success
  ---
  duration_ms: 0.531042
  type: 'test'
  ...
# Subtest: timeout remains unknown, never marks the operation successful
ok 177 - timeout remains unknown, never marks the operation successful
  ---
  duration_ms: 0.374333
  type: 'test'
  ...
# Subtest: successful cancellation or replacement is not a successful game action
ok 178 - successful cancellation or replacement is not a successful game action
  ---
  duration_ms: 0.298917
  type: 'test'
  ...
# Subtest: toast lifecycle follows confirmation and replacement hash
ok 179 - toast lifecycle follows confirmation and replacement hash
  ---
  duration_ms: 0.226584
  type: 'test'
  ...
# Subtest: toast distinguishes unknown confirmation from reverted receipt
ok 180 - toast distinguishes unknown confirmation from reverted receipt
  ---
  duration_ms: 0.191208
  type: 'test'
  ...
# Subtest: wallet rejection has no invented explorer hash
ok 181 - wallet rejection has no invented explorer hash
  ---
  duration_ms: 0.082333
  type: 'test'
  ...
# Subtest: atomic detection accepts ready and upgradeable accounts, fails closed otherwise
ok 182 - atomic detection accepts ready and upgradeable accounts, fails closed otherwise
  ---
  duration_ms: 0.644417
  type: 'test'
  ...
# Subtest: success requires one successful atomic receipt
ok 183 - success requires one successful atomic receipt
  ---
  duration_ms: 0.1505
  type: 'test'
  ...
# Subtest: deferred reinvest approval checks ownership without requiring queued approval to already exist
ok 184 - deferred reinvest approval checks ownership without requiring queued approval to already exist
  ---
  duration_ms: 0.470709
  type: 'test'
  ...
# Subtest: top-up atomic path executes once and never retries rejected batch
ok 185 - top-up atomic path executes once and never retries rejected batch
  ---
  duration_ms: 0.358042
  type: 'test'
  ...
# Subtest: batch confirms chain receipt before success and uses transaction hash, never bundle id
ok 186 - batch confirms chain receipt before success and uses transaction hash, never bundle id
  ---
  duration_ms: 0.125084
  type: 'test'
  ...
# Subtest: rejection, timeout, and revert never retry or announce success
ok 187 - rejection, timeout, and revert never retry or announce success
  ---
  duration_ms: 0.528875
  type: 'test'
  ...
# Subtest: address DNA is stable across casing/reloads and differs for different wallets
ok 188 - address DNA is stable across casing/reloads and differs for different wallets
  ---
  duration_ms: 0.934959
  type: 'test'
  ...
# Subtest: legacy address placeholders retain their full-width and padded-address golden vectors
ok 189 - legacy address placeholders retain their full-width and padded-address golden vectors
  ---
  duration_ms: 0.356292
  type: 'test'
  ...
# Subtest: an unminted wallet uses the collision-aware preview, then its immutable minted DNA
ok 190 - an unminted wallet uses the collision-aware preview, then its immutable minted DNA
  ---
  duration_ms: 0.539916
  type: 'test'
  ...
# Subtest: the same unminted wallet uses each round’s own seeded preview
ok 191 - the same unminted wallet uses each round’s own seeded preview
  ---
  duration_ms: 0.11825
  type: 'test'
  ...
# Subtest: large address-derived NFT IDs fit labels without changing bigint identity
ok 192 - large address-derived NFT IDs fit labels without changing bigint identity
  ---
  duration_ms: 0.10225
  type: 'test'
  ...
# Subtest: primary NFT art replaces fallback, including zero-DNA NFTs, without re-fetching cached art
ok 193 - primary NFT art replaces fallback, including zero-DNA NFTs, without re-fetching cached art
  ---
  duration_ms: 0.198958
  type: 'test'
  ...
# Subtest: no-NFT state is not cached: minting and transfers change the next read
ok 194 - no-NFT state is not cached: minting and transfers change the next read
  ---
  duration_ms: 0.42425
  type: 'test'
  ...
# Subtest: failed renderer falls back to the owned DNA and retries successfully
ok 195 - failed renderer falls back to the owned DNA and retries successfully
  ---
  duration_ms: 0.256125
  type: 'test'
  ...
# Subtest: art cache separates stakers and renderer changes
ok 196 - art cache separates stakers and renderer changes
  ---
  duration_ms: 0.26975
  type: 'test'
  ...
# Subtest: missing staker needs no RPC and ownership lookup failures remain retryable
ok 197 - missing staker needs no RPC and ownership lookup failures remain retryable
  ---
  duration_ms: 0.431167
  type: 'test'
  ...
# Subtest: action switches 1 to 84532 before continuing
ok 198 - action switches 1 to 84532 before continuing
  ---
  duration_ms: 1.215042
  type: 'test'
  ...
# Subtest: action switches 84532 to 1 before continuing
ok 199 - action switches 84532 to 1 before continuing
  ---
  duration_ms: 0.0745
  type: 'test'
  ...
# Subtest: correct network requires no prompt
ok 200 - correct network requires no prompt
  ---
  duration_ms: 0.17225
  type: 'test'
  ...
# Subtest: rejected switch stops the action
ok 201 - rejected switch stops the action
  ---
  duration_ms: 0.478917
  type: 'test'
  ...
# Subtest: account change during switch stops the action
ok 202 - account change during switch stops the action
  ---
  duration_ms: 0.1495
  type: 'test'
  ...
# Subtest: wallet that stays on the old network cannot continue
ok 203 - wallet that stays on the old network cannot continue
  ---
  duration_ms: 0.107125
  type: 'test'
  ...
# Subtest: WNS namehash matches the actual pepetesters.wei parent token
ok 204 - WNS namehash matches the actual pepetesters.wei parent token
  ---
  duration_ms: 0.745625
  type: 'test'
  ...
# Subtest: registered app name appears without a separate WNS primary transaction; all reads share a block
ok 205 - registered app name appears without a separate WNS primary transaction; all reads share a block
  ---
  duration_ms: 0.247083
  type: 'test'
  ...
# Subtest: canonical WNS primary names work before a PSP registrar is configured
ok 206 - canonical WNS primary names work before a PSP registrar is configured
  ---
  duration_ms: 0.152333
  type: 'test'
  ...
# Subtest: transferred, redirected and expired names do not label the previous wallet
ok 207 - transferred, redirected and expired names do not label the previous wallet
  ---
  duration_ms: 0.2105
  type: 'test'
  ...
# Subtest: forged reverse mappings and names under another parent are rejected
ok 208 - forged reverse mappings and names under another parent are rejected
  ---
  duration_ms: 0.165333
  type: 'test'
  ...
# Subtest: unsafe Unicode, markup, dot and whitespace labels remain addresses
ok 209 - unsafe Unicode, markup, dot and whitespace labels remain addresses
  ---
  duration_ms: 0.537333
  type: 'test'
  ...
# Subtest: wrong networks, misconfigured parents and unavailable RPC fail closed
ok 210 - wrong networks, misconfigured parents and unavailable RPC fail closed
  ---
  duration_ms: 0.22875
  type: 'test'
  ...
# Subtest: an unregistered wallet resolves to no name
ok 211 - an unregistered wallet resolves to no name
  ---
  duration_ms: 0.057084
  type: 'test'
  ...
1..211
# tests 211
# suites 0
# pass 211
# fail 0
# cancelled 0
# skipped 0
# todo 0
# duration_ms 1128.421
TAP version 13
# Subtest: HTTP boundary enforces origin, method, media type, body limit and JSON
ok 1 - HTTP boundary enforces origin, method, media type, body limit and JSON
  ---
  duration_ms: 29.43125
  type: 'test'
  ...
# Subtest: service errors hide RPC URLs and provider credentials
ok 2 - service errors hide RPC URLs and provider credentials
  ---
  duration_ms: 4.325459
  type: 'test'
  ...
# Subtest: stale eligibility is retriable without a paid fallback
ok 3 - stale eligibility is retriable without a paid fallback
  ---
  duration_ms: 1.195375
  type: 'test'
  ...
# Subtest: rate limit cannot be bypassed by spoofing proxy headers
ok 4 - rate limit cannot be bypassed by spoofing proxy headers
  ---
  duration_ms: 3.199834
  type: 'test'
  ...
# Subtest: bounded concurrent work rejects extra requests
ok 5 - bounded concurrent work rejects extra requests
  ---
  duration_ms: 1.784042
  type: 'test'
  ...
# Subtest: operator config keeps a dedicated key private and rejects public HTTP, wildcard origins and key symlinks
ok 6 - operator config keeps a dedicated key private and rejects public HTTP, wildcard origins and key symlinks
  ---
  duration_ms: 15.254666
  type: 'test'
  ...
# Subtest: valid finalized and current position creates a wallet, source, name and destination-bound permit
ok 7 - valid finalized and current position creates a wallet, source, name and destination-bound permit
  ---
  duration_ms: 5.61175
  type: 'test'
  ...
# Subtest: ownership, principal, finality and deployment failures never produce signatures
ok 8 - ownership, principal, finality and deployment failures never produce signatures
  ---
  duration_ms: 2.069625
  type: 'test'
  ...
# Subtest: late destination change suppresses even an already signed response
ok 9 - late destination change suppresses even an already signed response
  ---
  duration_ms: 0.999458
  type: 'test'
  ...
# Subtest: aborted verification never signs
ok 10 - aborted verification never signs
  ---
  duration_ms: 0.138
  type: 'test'
  ...
# Subtest: requests cannot select arbitrary networks, contracts, RPC endpoints or malformed identifiers
ok 11 - requests cannot select arbitrary networks, contracts, RPC endpoints or malformed identifiers
  ---
  duration_ms: 0.236333
  type: 'test'
  ...
1..11
# tests 11
# suites 0
# pass 11
# fail 0
# cancelled 0
# skipped 0
# todo 0
# duration_ms 276.547167
vite v6.4.3 building for production...
transforming...
node_modules/@coinbase/wallet-sdk/node_modules/ox/_esm/core/Address.js (6:21): A comment

"/*#__PURE__*/"

in "node_modules/@coinbase/wallet-sdk/node_modules/ox/_esm/core/Address.js" contains an annotation that Rollup cannot interpret due to the position of the comment. The comment will be removed to avoid issues.
node_modules/@coinbase/wallet-sdk/node_modules/ox/_esm/core/Base64.js (6:27): A comment

"/*#__PURE__*/"

in "node_modules/@coinbase/wallet-sdk/node_modules/ox/_esm/core/Base64.js" contains an annotation that Rollup cannot interpret due to the position of the comment. The comment will be removed to avoid issues.
node_modules/@base-org/account/node_modules/ox/_esm/core/Address.js (6:21): A comment

"/*#__PURE__*/"

in "node_modules/@base-org/account/node_modules/ox/_esm/core/Address.js" contains an annotation that Rollup cannot interpret due to the position of the comment. The comment will be removed to avoid issues.
node_modules/@base-org/account/node_modules/ox/_esm/core/Base64.js (6:27): A comment

"/*#__PURE__*/"

in "node_modules/@base-org/account/node_modules/ox/_esm/core/Base64.js" contains an annotation that Rollup cannot interpret due to the position of the comment. The comment will be removed to avoid issues.
node_modules/porto/node_modules/ox/_esm/core/Base64.js (6:27): A comment

"/*#__PURE__*/"

in "node_modules/porto/node_modules/ox/_esm/core/Base64.js" contains an annotation that Rollup cannot interpret due to the position of the comment. The comment will be removed to avoid issues.
node_modules/@coinbase/wallet-sdk/node_modules/ox/_esm/core/internal/cursor.js (2:21): A comment

"/*#__PURE__*/"

in "node_modules/@coinbase/wallet-sdk/node_modules/ox/_esm/core/internal/cursor.js" contains an annotation that Rollup cannot interpret due to the position of the comment. The comment will be removed to avoid issues.
node_modules/@base-org/account/node_modules/ox/_esm/core/internal/cursor.js (2:21): A comment

"/*#__PURE__*/"

in "node_modules/@base-org/account/node_modules/ox/_esm/core/internal/cursor.js" contains an annotation that Rollup cannot interpret due to the position of the comment. The comment will be removed to avoid issues.
node_modules/porto/node_modules/zod/v4/core/util.js (330:0): A comment

"// Wrapped in a `@__PURE__` IIFE: esbuild never tree-shakes a top-level initializer that contains a member access on `Number`, so the bare object literal survived into every bundle."

in "node_modules/porto/node_modules/zod/v4/core/util.js" contains an annotation that Rollup cannot interpret due to the position of the comment. The comment will be removed to avoid issues.
node_modules/porto/node_modules/zod/v4/core/regexes.js (70:0): A comment

"/** Anchors a pattern source. The interpolation lives here rather than at the call site because
 * esbuild will not drop a `@__PURE__` call whose own argument interpolates a variable, but it
 * will drop `anchor(dateSource)`. Keeping it inline pinned `date` into every bundle. */"

in "node_modules/porto/node_modules/zod/v4/core/regexes.js" contains an annotation that Rollup cannot interpret due to the position of the comment. The comment will be removed to avoid issues.
node_modules/@walletconnect/utils/node_modules/ox/_esm/core/Address.js (6:21): A comment

"/*#__PURE__*/"

in "node_modules/@walletconnect/utils/node_modules/ox/_esm/core/Address.js" contains an annotation that Rollup cannot interpret due to the position of the comment. The comment will be removed to avoid issues.
node_modules/@walletconnect/utils/node_modules/ox/_esm/core/internal/cursor.js (2:21): A comment

"/*#__PURE__*/"

in "node_modules/@walletconnect/utils/node_modules/ox/_esm/core/internal/cursor.js" contains an annotation that Rollup cannot interpret due to the position of the comment. The comment will be removed to avoid issues.
node_modules/@reown/appkit/node_modules/ox/_esm/core/Address.js (6:21): A comment

"/*#__PURE__*/"

in "node_modules/@reown/appkit/node_modules/ox/_esm/core/Address.js" contains an annotation that Rollup cannot interpret due to the position of the comment. The comment will be removed to avoid issues.
node_modules/@reown/appkit/node_modules/ox/_esm/core/internal/cursor.js (2:21): A comment

"/*#__PURE__*/"

in "node_modules/@reown/appkit/node_modules/ox/_esm/core/internal/cursor.js" contains an annotation that Rollup cannot interpret due to the position of the comment. The comment will be removed to avoid issues.
node_modules/@reown/appkit-controllers/node_modules/ox/_esm/core/Address.js (6:21): A comment

"/*#__PURE__*/"

in "node_modules/@reown/appkit-controllers/node_modules/ox/_esm/core/Address.js" contains an annotation that Rollup cannot interpret due to the position of the comment. The comment will be removed to avoid issues.
node_modules/@reown/appkit-controllers/node_modules/ox/_esm/core/internal/cursor.js (2:21): A comment

"/*#__PURE__*/"

in "node_modules/@reown/appkit-controllers/node_modules/ox/_esm/core/internal/cursor.js" contains an annotation that Rollup cannot interpret due to the position of the comment. The comment will be removed to avoid issues.
✓ 5774 modules transformed.
rendering chunks...
computing gzip size...
dist/index.html                                                        0.98 kB │ gzip:   0.52 kB
dist/assets/ibm-plex-mono-vietnamese-500-normal-C8zxqsMH.woff          5.62 kB
dist/assets/ibm-plex-mono-vietnamese-400-normal-DDuiU_S-.woff          5.62 kB
dist/assets/ibm-plex-mono-vietnamese-600-normal-iLQfcSjf.woff          5.71 kB
dist/assets/ibm-plex-mono-cyrillic-ext-500-normal-BIfNGwUT.woff        5.77 kB
dist/assets/ibm-plex-mono-cyrillic-ext-600-normal-9HEixskS.woff        5.79 kB
dist/assets/ibm-plex-mono-cyrillic-ext-400-normal-DMdlQ8Kv.woff        5.82 kB
dist/assets/ibm-plex-mono-vietnamese-400-normal-BulugwFq.woff2         5.87 kB
dist/assets/ibm-plex-mono-vietnamese-500-normal-DZ4AoWbu.woff2         6.04 kB
dist/assets/ibm-plex-mono-cyrillic-ext-400-normal-xuaO2J-f.woff2       6.91 kB
dist/assets/ibm-plex-mono-vietnamese-600-normal-D2EvbN8M.woff2         6.93 kB
dist/assets/ibm-plex-mono-cyrillic-ext-500-normal-BqneJy0T.woff2       6.97 kB
dist/assets/ibm-plex-mono-cyrillic-400-normal-CEL4l2ZJ.woff            7.20 kB
dist/assets/ibm-plex-mono-cyrillic-500-normal-Ael50iVv.woff            7.21 kB
dist/assets/ibm-plex-mono-cyrillic-600-normal-fLZuRloM.woff            7.27 kB
dist/assets/ibm-plex-mono-cyrillic-ext-600-normal-V-xxqcpd.woff2       7.69 kB
dist/assets/ibm-plex-mono-cyrillic-400-normal-BSMlKf0J.woff2           8.36 kB
dist/assets/ibm-plex-mono-cyrillic-500-normal-Bq9vWWag.woff2           8.46 kB
dist/assets/ibm-plex-mono-cyrillic-600-normal-CTOM6hUh.woff2           9.35 kB
dist/assets/ibm-plex-mono-latin-ext-400-normal-D3D2R8hC.woff          11.77 kB
dist/assets/ibm-plex-mono-latin-ext-500-normal-CZ70TYgx.woff          11.77 kB
dist/assets/ibm-plex-mono-latin-ext-600-normal-DmB0ttJJ.woff          11.83 kB
dist/assets/ibm-plex-mono-latin-400-normal-CvHOgSBP.woff              13.14 kB
dist/assets/ibm-plex-mono-latin-500-normal-CB9ihrfo.woff              13.16 kB
dist/assets/ibm-plex-sans-vietnamese-wght-normal-Dg1JeJN0.woff2       13.16 kB
dist/assets/ibm-plex-mono-latin-600-normal-DWFSQ4vo.woff              13.21 kB
dist/assets/ibm-plex-mono-latin-ext-400-normal-BmRBH3aV.woff2         13.35 kB
dist/assets/ibm-plex-mono-latin-ext-500-normal-CAhNIIs5.woff2         13.43 kB
dist/assets/ibm-plex-mono-latin-ext-600-normal-D38SheWl.woff2         14.33 kB
dist/assets/ibm-plex-mono-latin-400-normal-DMJ8VG8y.woff2             14.71 kB
dist/assets/ibm-plex-mono-latin-500-normal-DSY6xOcd.woff2             14.89 kB
dist/assets/ibm-plex-mono-latin-600-normal-BgSNZQsw.woff2             15.62 kB
dist/assets/ibm-plex-sans-greek-wght-normal-CmyJS8uq.woff2            19.50 kB
dist/assets/ibm-plex-sans-cyrillic-ext-wght-normal-d45eAU9y.woff2     23.57 kB
dist/assets/ibm-plex-sans-cyrillic-wght-normal-BAAhND-U.woff2         29.51 kB
dist/assets/ibm-plex-sans-latin-ext-wght-normal-CIII54If.woff2        30.96 kB
dist/assets/ibm-plex-sans-latin-wght-normal-IvpUvPa2.woff2            45.71 kB
dist/assets/index-DYpwUc5P.css                                        95.48 kB │ gzip:  17.77 kB
dist/assets/cursor-Bw6Zt6It.js                                         0.32 kB │ gzip:   0.25 kB
dist/assets/chevron-left-DZIOlccM.js                                   0.45 kB │ gzip:   0.30 kB
dist/assets/chevron-top-D9EvjzMV.js                                    0.46 kB │ gzip:   0.30 kB
dist/assets/external-link-BNLmI_uE.js                                  0.46 kB │ gzip:   0.30 kB
dist/assets/chevron-bottom-C4opaY4d.js                                 0.46 kB │ gzip:   0.31 kB
dist/assets/chevron-right-BkLZHv8o.js                                  0.46 kB │ gzip:   0.30 kB
dist/assets/arrow-top-TpONHGWE.js                                      0.47 kB │ gzip:   0.31 kB
dist/assets/arrow-bottom-CRnoE7ry.js                                   0.47 kB │ gzip:   0.31 kB
dist/assets/arrow-left-BlTdTfqm.js                                     0.47 kB │ gzip:   0.31 kB
dist/assets/arrow-right-wPTw-WRs.js                                    0.47 kB │ gzip:   0.31 kB
dist/assets/off-C4tLvPwl.js                                            0.49 kB │ gzip:   0.32 kB
dist/assets/search-Ciyy-lWh.js                                         0.50 kB │ gzip:   0.32 kB
dist/assets/close-B2Xu_mF9.js                                          0.50 kB │ gzip:   0.32 kB
dist/assets/all-wallets-D9URBEf8.js                                    0.51 kB │ gzip:   0.29 kB
dist/assets/filters-VVoLpJvw.js                                        0.51 kB │ gzip:   0.30 kB
dist/assets/celo-GEP4TUHG-CenIBYLU.js                                  0.51 kB │ gzip:   0.31 kB
dist/assets/Windows-PPTHQER6-BlyV2p7Y.js                               0.52 kB │ gzip:   0.29 kB
dist/assets/info-circle-BobhvpQ-.js                                    0.53 kB │ gzip:   0.32 kB
dist/assets/more-BlFynC41.js                                           0.55 kB │ gzip:   0.33 kB
dist/assets/refresh-CLpLhb5L.js                                        0.55 kB │ gzip:   0.35 kB
dist/assets/warning-circle-CN7mH39J.js                                 0.55 kB │ gzip:   0.34 kB
dist/assets/coinPlaceholder-Bdl-BImZ.js                                0.56 kB │ gzip:   0.37 kB
dist/assets/compass-CTZBSKHl.js                                        0.58 kB │ gzip:   0.37 kB
dist/assets/zetachain-TLDS5IPW-Udhyw16T.js                             0.60 kB │ gzip:   0.38 kB
dist/assets/base-OAXLRA4F-CoYTVIiL.js                                  0.60 kB │ gzip:   0.33 kB
dist/assets/swapVertical-BRF_YxN7.js                                   0.60 kB │ gzip:   0.36 kB
dist/assets/swapHorizontal-DPeOK4fW.js                                 0.61 kB │ gzip:   0.36 kB
dist/assets/x-CBC7rFGP.js                                              0.63 kB │ gzip:   0.42 kB
dist/assets/cursor-transparent-CODUkIRv.js                             0.64 kB │ gzip:   0.38 kB
dist/assets/twitterIcon-B2iLpbRi.js                                    0.64 kB │ gzip:   0.41 kB
dist/assets/mobile-wPVtRqLP.js                                         0.65 kB │ gzip:   0.35 kB
dist/assets/checkmark-bold-DM8P0Kgz.js                                 0.71 kB │ gzip:   0.46 kB
dist/assets/hyperevm-VKPAA4SA-CHwraEsx.js                              0.73 kB │ gzip:   0.41 kB
dist/assets/optimism-HAF2GUT7-ec6Nqxs9.js                              0.73 kB │ gzip:   0.38 kB
dist/assets/monad-4KWC6TSS-DVXSkpiz.js                                 0.74 kB │ gzip:   0.40 kB
dist/assets/etherscan-DQsDWpmK.js                                      0.76 kB │ gzip:   0.47 kB
dist/assets/checkmark-o6guxcFx.js                                      0.76 kB │ gzip:   0.50 kB
dist/assets/help-circle-8t_f3Rza.js                                    0.77 kB │ gzip:   0.45 kB
dist/assets/wallet-CO-HFZTA.js                                         0.78 kB │ gzip:   0.44 kB
dist/assets/plus-21jS6Jj0.js                                           0.82 kB │ gzip:   0.45 kB
dist/assets/verify-filled-CHSJjyE8.js                                  0.82 kB │ gzip:   0.49 kB
dist/assets/add-CWzZvr73.js                                            0.83 kB │ gzip:   0.45 kB
dist/assets/flow-5FQJFCTK-CUie2reO.js                                  0.86 kB │ gzip:   0.39 kB
dist/assets/google-C_LvcJsE.js                                         0.87 kB │ gzip:   0.48 kB
dist/assets/three-dots-DCvZkh3e.js                                     0.90 kB │ gzip:   0.44 kB
dist/assets/clock-DcKnG9F8.js                                          0.90 kB │ gzip:   0.50 kB
dist/assets/base-QS6CYWIN-CsjdbWCf.js                                  0.90 kB │ gzip:   0.39 kB
dist/assets/disconnect-DEaWAlYO.js                                     0.95 kB │ gzip:   0.53 kB
dist/assets/index-nibyPLVP.js                                          0.95 kB │ gzip:   0.47 kB
dist/assets/twitch-CNWXZj8-.js                                         0.96 kB │ gzip:   0.52 kB
dist/assets/unichain-C5BWO2ZY-BfguYsnu.js                              0.98 kB │ gzip:   0.46 kB
dist/assets/superposition-HG6MMR2Y-bRkgatRO.js                         0.99 kB │ gzip:   0.55 kB
dist/assets/bank-CpdkMzC5.js                                           1.00 kB │ gzip:   0.55 kB
dist/assets/apple-DV8JCs_n.js                                          1.02 kB │ gzip:   0.55 kB
dist/assets/linea-QRMVQ5DY-DuI3vv0d.js                                 1.05 kB │ gzip:   0.47 kB
dist/assets/injectedWallet-AWJSZPMG-Df9x-YJA.js                        1.05 kB │ gzip:   0.48 kB
dist/assets/play-store-DM09vccc.js                                     1.06 kB │ gzip:   0.54 kB
dist/assets/farcaster-BDsfhk24.js                                      1.07 kB │ gzip:   0.56 kB
dist/assets/zksync-DH7HK5U4-Dt4usFw6.js                                1.11 kB │ gzip:   0.49 kB
dist/assets/arrow-bottom-circle-C1p4c19J.js                            1.19 kB │ gzip:   0.56 kB
dist/assets/github-B5p0rqqb.js                                         1.19 kB │ gzip:   0.63 kB
dist/assets/swapHorizontalBold-CcrevW3O.js                             1.22 kB │ gzip:   0.64 kB
dist/assets/app-store-HWRZJXiM.js                                      1.26 kB │ gzip:   0.70 kB
dist/assets/mail-CFGlzLEV.js                                           1.26 kB │ gzip:   0.68 kB
dist/assets/avalanche-KOMJD3XY-Dsn_JPR4.js                             1.27 kB │ gzip:   0.66 kB
dist/assets/facebook-D9Y2zvgl.js                                       1.29 kB │ gzip:   0.67 kB
dist/assets/xdc-KJ3TDBYO-DNV6zchh.js                                   1.31 kB │ gzip:   0.60 kB
dist/assets/wallet-placeholder-BqH6NVYo.js                             1.32 kB │ gzip:   0.62 kB
dist/assets/desktop-C5uKRPnb.js                                        1.33 kB │ gzip:   0.67 kB
dist/assets/discord-BIbl2_Qb.js                                        1.36 kB │ gzip:   0.68 kB
dist/assets/swapHorizontalMedium-CShHaf16.js                           1.36 kB │ gzip:   0.71 kB
dist/assets/ethereum-RGGVA4PY-SWGOlkuk.js                              1.37 kB │ gzip:   0.45 kB
dist/assets/ink-FZMYZWHG-62p-5IK5.js                                   1.38 kB │ gzip:   0.61 kB
dist/assets/recycle-horizontal-BwHAePXp.js                             1.40 kB │ gzip:   0.73 kB
dist/assets/apechain-SX5YFU6N-q5qBv-mp.js                              1.46 kB │ gzip:   0.64 kB
dist/assets/kaia-65D2U3PU-JmuLQ4gC.js                                  1.48 kB │ gzip:   0.67 kB
dist/assets/degen-FQQ4XGHB-CeHTs88l.js                                 1.49 kB │ gzip:   0.72 kB
dist/assets/extension-CCfOAIB-.js                                      1.49 kB │ gzip:   0.72 kB
dist/assets/telegram-DG0sFFsx.js                                       1.51 kB │ gzip:   0.86 kB
dist/assets/swapHorizontalRoundedBold-C6P4hGn3.js                      1.51 kB │ gzip:   0.80 kB
dist/assets/cronos-HJPAQTAE-BEOvlOC4.js                                1.52 kB │ gzip:   0.61 kB
dist/assets/verify-Br75Srlt.js                                         1.53 kB │ gzip:   0.73 kB
dist/assets/polygon-WW6ZI7PM-DXlmm4L1.js                               1.53 kB │ gzip:   0.63 kB
dist/assets/gravity-J5YQHTYH-Bj6B0uod.js                               1.54 kB │ gzip:   0.74 kB
dist/assets/qr-code-B0oMN0x7.js                                        1.57 kB │ gzip:   0.55 kB
dist/assets/bsc-N647EYR2-B2nLKXWV.js                                   1.59 kB │ gzip:   0.61 kB
dist/assets/browser-BBJ-sxBt.js                                        1.64 kB │ gzip:   0.81 kB
dist/assets/blast-V555OVXZ-BbhJh1tj.js                                 1.67 kB │ gzip:   0.73 kB
dist/assets/network-placeholder-BxGliyG5.js                            1.71 kB │ gzip:   0.76 kB
dist/assets/Chrome-65Q5P54Y-DR9MQEVr.js                                1.72 kB │ gzip:   0.58 kB
dist/assets/gnosis-37ZC4RBL-B137OtHZ.js                                1.80 kB │ gzip:   0.72 kB
dist/assets/id-Cco42Vsj.js                                             1.81 kB │ gzip:   0.83 kB
dist/assets/nftPlaceholder-BrzCkyIh.js                                 1.81 kB │ gzip:   0.90 kB
dist/assets/safeWallet-5MNKTR5Z-D-5imDLD.js                            1.82 kB │ gzip:   0.71 kB
dist/assets/walletConnectWallet-YHWKVTDY-D3lyiczV.js                   1.88 kB │ gzip:   0.70 kB
dist/assets/Opera-KQZLSACL-Cwv5MDFy.js                                 2.10 kB │ gzip:   0.76 kB
dist/assets/metaMaskWallet-EI6MED72-D5HFOsnz.js                        2.20 kB │ gzip:   0.89 kB
dist/assets/info-JH_y0h1E.js                                           2.32 kB │ gzip:   1.17 kB
dist/assets/exclamation-triangle-B1TAbQyI.js                           2.48 kB │ gzip:   1.16 kB
dist/assets/send-DVI07EMD.js                                           2.48 kB │ gzip:   1.30 kB
dist/assets/arbitrum-WURIBY6W-CqVkHBr5.js                              2.59 kB │ gzip:   0.86 kB
dist/assets/scroll-5OBGQVOV-DJFECiai.js                                2.63 kB │ gzip:   1.02 kB
dist/assets/card-CNCthoU7.js                                           2.65 kB │ gzip:   1.20 kB
dist/assets/chrome-store-BB3ylXr9.js                                   2.65 kB │ gzip:   1.04 kB
dist/assets/reown-logo-DcCLVF39.js                                     2.66 kB │ gzip:   1.09 kB
dist/assets/ronin-EMCPYXZT-N-QBHZdV.js                                 2.67 kB │ gzip:   1.20 kB
dist/assets/zora-FYL5H3IO-iB4wygST.js                                  2.68 kB │ gzip:   0.59 kB
dist/assets/lightbulb-CRhIflLm.js                                      2.77 kB │ gzip:   1.25 kB
dist/assets/refresh-S4T5V5GX-CwqIaaxK.js                               3.00 kB │ gzip:   0.95 kB
dist/assets/ccip-DhkcPzql.js                                           3.04 kB │ gzip:   1.39 kB
dist/assets/manta-SI27YFEJ-CpVOKa06.js                                 3.20 kB │ gzip:   1.33 kB
dist/assets/connect-UA7M4XW6-IY3X6Bmr.js                               3.55 kB │ gzip:   1.08 kB
dist/assets/image-Ga90MD7J.js                                          3.55 kB │ gzip:   1.54 kB
dist/assets/berachain-NJECWIVC-DumxnFvf.js                             3.78 kB │ gzip:   1.25 kB
dist/assets/copy-CUJx85xb.js                                           3.87 kB │ gzip:   1.50 kB
dist/assets/walletconnect-BIv5IIo8.js                                  4.12 kB │ gzip:   1.69 kB
dist/assets/hardhat-TX56IT5N-CV1FY-wE.js                               4.20 kB │ gzip:   1.35 kB
dist/assets/Brave-BRAKJXDS-mq-Xo37j.js                                 4.26 kB │ gzip:   1.49 kB
dist/assets/create-FASO7PVG-D_rvSpre.js                                4.33 kB │ gzip:   1.09 kB
dist/assets/scan-4UYSQ56Q-CjMz6-XC.js                                  4.59 kB │ gzip:   1.16 kB
dist/assets/rainbowWallet-O26YNBMX-DUhYus-9.js                         5.12 kB │ gzip:   0.96 kB
dist/assets/mantle-CKIUT334-DR2WgqzU.js                                5.27 kB │ gzip:   2.25 kB
dist/assets/sign-A7IJEUT5-CGsRnPrd.js                                  5.55 kB │ gzip:   4.23 kB
dist/assets/Edge-XSPUTORV-DEoZslQE.js                                  5.82 kB │ gzip:   1.34 kB
dist/assets/events-DQ172AOg.js                                         6.13 kB │ gzip:   2.09 kB
dist/assets/Arc-VDBY7LNS-BChRXCXW.js                                   6.62 kB │ gzip:   1.62 kB
dist/assets/index-B-pg-DkK.js                                          9.39 kB │ gzip:   3.07 kB
dist/assets/Browser-76IHF3Y2-BMhRaC5Z.js                              11.82 kB │ gzip:   2.18 kB
dist/assets/login-UP3DZBGS-Db_wM5oQ.js                                12.00 kB │ gzip:   2.98 kB
dist/assets/Safari-ZPL37GXR-C4Ggg6rz.js                               13.75 kB │ gzip:   3.75 kB
dist/assets/Firefox-AAHGJQIP-Bp_Hm04m.js                              15.19 kB │ gzip:   3.39 kB
dist/assets/index-BV8s6ez1.js                                         17.28 kB │ gzip:   4.75 kB
dist/assets/sanko-RHQYXGM5-OX010CbN.js                                21.93 kB │ gzip:  16.45 kB
dist/assets/assets-Q6ZU7ZJ5-P8HioiAD.js                               23.62 kB │ gzip:   4.10 kB
dist/assets/secp256k1-QQ3fi8ZR.js                                     31.46 kB │ gzip:  12.58 kB
dist/assets/secp256k1-CcM4Nd7Z.js                                     31.49 kB │ gzip:  12.60 kB
dist/assets/index-CkNkz5oZ.js                                         38.88 kB │ gzip:   9.40 kB
dist/assets/w3m-modal-DR2Kkd3K.js                                     40.11 kB │ gzip:   9.42 kB
dist/assets/Macos-MW4AE7LN-Vvm8Drw3.js                                49.68 kB │ gzip:  35.82 kB
dist/assets/zh_CN-4XK5YJPR-Bt6Yz5Ek.js                                54.62 kB │ gzip:   5.75 kB
dist/assets/zh_TW-CNCRXH6Z-BNelatfN.js                                54.66 kB │ gzip:   5.46 kB
dist/assets/zh_HK-N4YN2WSI-Cvzl1V16.js                                55.52 kB │ gzip:   5.51 kB
dist/assets/id_ID-SBYANJ7G-Cjpa4ay6.js                                60.04 kB │ gzip:   5.50 kB
dist/assets/ms_MY-EZSGYYYQ-4cPLK-3L.js                                60.89 kB │ gzip:   5.15 kB
dist/assets/pt_BR-JQFQ3P4L-DOHfdcA2.js                                61.26 kB │ gzip:   5.29 kB
dist/assets/es_419-7LMPU7G4-DH7rM0yQ.js                               61.61 kB │ gzip:   5.67 kB
dist/assets/tr_TR-5FKHPPIO-D5jTpIm9.js                                63.31 kB │ gzip:   5.74 kB
dist/assets/ko_KR-FR54RFUG-upinSHjQ.js                                65.33 kB │ gzip:   6.52 kB
dist/assets/de_DE-YE3KOFHU-BRt5ztUe.js                                66.81 kB │ gzip:   5.58 kB
dist/assets/fr_FR-VBJP3ZLL-B-_ocunw.js                                67.47 kB │ gzip:   5.60 kB
dist/assets/vi_VN-5EVRZKLY-x078672g.js                                68.84 kB │ gzip:   5.47 kB
dist/assets/ar_AR-LIPSOZP5-BQrIDibT.js                                71.12 kB │ gzip:   6.19 kB
dist/assets/ja_JP-ZRMWJV3I-DXbifiMm.js                                73.59 kB │ gzip:   6.62 kB
dist/assets/uk_UA-ZD4IBC52-DgnQrpzl.js                                89.01 kB │ gzip:   6.36 kB
dist/assets/ru_RU-Z42UEJBP-Cvb2oWxQ.js                                90.64 kB │ gzip:   7.00 kB
dist/assets/Linux-OO4TNCLJ-B0aw93n9.js                                91.13 kB │ gzip:  14.88 kB
dist/assets/th_TH-4YB4VSB2-BUipNP-V.js                               106.23 kB │ gzip:   7.67 kB
dist/assets/hi_IN-WBVD5XYI-D73g2UFs.js                               110.28 kB │ gzip:   8.11 kB
dist/assets/basic-C61NUBOU.js                                        144.37 kB │ gzip:  33.65 kB
dist/assets/index-CkqDzvU6.js                                        301.34 kB │ gzip: 114.98 kB
dist/assets/index.es-B1wK6jyL.js                                     416.95 kB │ gzip: 120.35 kB
dist/assets/core-BGcR7RP5.js                                         495.36 kB │ gzip: 134.40 kB
dist/assets/metamask-sdk-BsuXwIYc.js                                 558.14 kB │ gzip: 170.71 kB
dist/assets/index-CcMsZfJJ.js                                        638.97 kB │ gzip: 178.26 kB
dist/assets/index-AmWGBmOq.js                                      1,277.19 kB │ gzip: 391.19 kB

(!) Some chunks are larger than 500 kB after minification. Consider:
- Using dynamic import() to code-split the application
- Use build.rollupOptions.output.manualChunks to improve chunking: https://rollupjs.org/configuration-options/#output-manualchunks
- Adjust chunk size limit for this warning via build.chunkSizeWarningLimit.
✓ built in 5.26s
