Compiling 1 files with Solc 0.8.26
Solc 0.8.26 finished in 4.09s
Compiler run successful with warnings:
Warning (2018): Function state mutability can be restricted to view
  --> test/unit/CurveMath.t.sol:58:5:
   |
58 |     function test_PriceMonotonicIncreasing() public {
   |     ^ (Relevant source part starts here and spans across multiple lines).

Warning (2018): Function state mutability can be restricted to view
  --> test/unit/CurveMath.t.sol:67:5:
   |
67 |     function test_PriceInflectionContinuous() public {
   |     ^ (Relevant source part starts here and spans across multiple lines).

Warning (2018): Function state mutability can be restricted to view
  --> test/unit/CurveMath.t.sol:81:5:
   |
81 |     function test_FirstBuy() public {
   |     ^ (Relevant source part starts here and spans across multiple lines).

Warning (2018): Function state mutability can be restricted to view
  --> test/unit/CurveMath.t.sol:89:5:
   |
89 |     function test_BuyZeroETH() public {
   |     ^ (Relevant source part starts here and spans across multiple lines).

Warning (2018): Function state mutability can be restricted to view
  --> test/unit/CurveMath.t.sol:93:5:
   |
93 |     function test_BuyIncreasesSupplyAndPrice() public {
   |     ^ (Relevant source part starts here and spans across multiple lines).

Warning (2018): Function state mutability can be restricted to view
   --> test/unit/CurveMath.t.sol:114:5:
    |
114 |     function test_SellZeroPSP() public {
    |     ^ (Relevant source part starts here and spans across multiple lines).

Warning (2018): Function state mutability can be restricted to view
   --> test/unit/CurveMath.t.sol:118:5:
    |
118 |     function test_SellMoreThanSupply() public {
    |     ^ (Relevant source part starts here and spans across multiple lines).

Warning (2018): Function state mutability can be restricted to view
   --> test/unit/CurveMath.t.sol:122:5:
    |
122 |     function test_SellDecreasesPrice() public {
    |     ^ (Relevant source part starts here and spans across multiple lines).

Warning (2018): Function state mutability can be restricted to view
   --> test/unit/CurveMath.t.sol:140:5:
    |
140 |     function test_BuyThenSellRoundTrip() public {
    |     ^ (Relevant source part starts here and spans across multiple lines).

Warning (2018): Function state mutability can be restricted to view
   --> test/unit/CurveMath.t.sol:153:5:
    |
153 |     function test_BuyThenSellAtHigherSupply() public {
    |     ^ (Relevant source part starts here and spans across multiple lines).

Warning (2018): Function state mutability can be restricted to view
   --> test/unit/CurveMath.t.sol:161:5:
    |
161 |     function test_SmallSwapLowSlippage() public {
    |     ^ (Relevant source part starts here and spans across multiple lines).

Warning (2018): Function state mutability can be restricted to view
   --> test/unit/CurveMath.t.sol:185:5:
    |
185 |     function test_MultiCurve_PriceMonotonic() public {
    |     ^ (Relevant source part starts here and spans across multiple lines).

Warning (2018): Function state mutability can be restricted to view
   --> test/unit/CurveMath.t.sol:205:5:
    |
205 |     function test_MultiCurve_BoundaryContinuity() public {
    |     ^ (Relevant source part starts here and spans across multiple lines).

Warning (2018): Function state mutability can be restricted to view
   --> test/unit/CurveMath.t.sol:219:5:
    |
219 |     function test_MultiCurve_ZonesHaveDifferentGrowthRates() public {
    |     ^ (Relevant source part starts here and spans across multiple lines).

Warning (2018): Function state mutability can be restricted to view
   --> test/unit/CurveMath.t.sol:231:5:
    |
231 |     function test_MultiCurve_SecondExpBurstFaster() public {
    |     ^ (Relevant source part starts here and spans across multiple lines).

Warning (2018): Function state mutability can be restricted to view
   --> test/unit/CurveMath.t.sol:242:5:
    |
242 |     function test_MultiCurve_RoundTrip() public {
    |     ^ (Relevant source part starts here and spans across multiple lines).

Warning (2018): Function state mutability can be restricted to view
   --> test/unit/CurveMath.t.sol:250:5:
    |
250 |     function test_MultiCurve_CrossBoundarySwap() public {
    |     ^ (Relevant source part starts here and spans across multiple lines).

Warning (2018): Function state mutability can be restricted to view
   --> test/unit/CurveMath.t.sol:289:5:
    |
289 |     function testFuzz_RoundTrip(uint256 ethInput) public {
    |     ^ (Relevant source part starts here and spans across multiple lines).

Warning (2018): Function state mutability can be restricted to view
   --> test/unit/CurveMath.t.sol:301:5:
    |
301 |     function testFuzz_MultiRoundTrip(uint256 ethInput) public {
    |     ^ (Relevant source part starts here and spans across multiple lines).

Warning (2018): Function state mutability can be restricted to view
   --> test/unit/CurveMath.t.sol:312:5:
    |
312 |     function testFuzz_BuyAtArbitrarySupply(uint256 ethInput, uint256 supply) public {
    |     ^ (Relevant source part starts here and spans across multiple lines).

Warning (2018): Function state mutability can be restricted to pure
   --> test/unit/CurveMath.t.sol:347:5:
    |
347 |     function test_TimingsPackRoundtrip() public {
    |     ^ (Relevant source part starts here and spans across multiple lines).

Warning (2018): Function state mutability can be restricted to pure
   --> test/unit/CurveMath.t.sol:359:5:
    |
359 |     function test_TimingsPackCappedRoundtrip() public {
    |     ^ (Relevant source part starts here and spans across multiple lines).

Warning (2018): Function state mutability can be restricted to pure
   --> test/unit/CurveMath.t.sol:376:5:
    |
376 |     function test_TimingsFullAxisRoundtrip() public {
    |     ^ (Relevant source part starts here and spans across multiple lines).


Ran 29 tests for test/unit/CurveMath.t.sol:CurveMathTest
[PASS] testFuzz_BuyAtArbitrarySupply(uint256,uint256) (runs: 2000, μ: 75401, ~: 71631)
[PASS] testFuzz_BuyOutputPositive(uint256,uint256) (runs: 2000, μ: 70311, ~: 62577)
[PASS] testFuzz_MultiRoundTrip(uint256) (runs: 2000, μ: 93263, ~: 84334)
[PASS] testFuzz_PriceMonotonic(uint256,uint256) (runs: 2000, μ: 29562, ~: 29616)
[PASS] testFuzz_RoundTrip(uint256) (runs: 2000, μ: 73713, ~: 66325)
[PASS] test_BuyIncreasesSupplyAndPrice() (gas: 171997)
[PASS] test_BuyThenSellAtHigherSupply() (gas: 88223)
[PASS] test_BuyThenSellRoundTrip() (gas: 68343)
[PASS] test_BuyZeroETH() (gas: 24973)
[PASS] test_FirstBuy() (gas: 64103)
[PASS] test_MultiCurve_BoundaryContinuity() (gas: 78222)
[PASS] test_MultiCurve_CrossBoundarySwap() (gas: 117798)
[PASS] test_MultiCurve_PriceAtZero() (gas: 41729)
[PASS] test_MultiCurve_PriceMonotonic() (gas: 95973)
[PASS] test_MultiCurve_RoundTrip() (gas: 84168)
[PASS] test_MultiCurve_SecondExpBurstFaster() (gas: 55554)
[PASS] test_MultiCurve_ZonesHaveDifferentGrowthRates() (gas: 62832)
[PASS] test_PriceAtZero() (gas: 25034)
[PASS] test_PriceInflectionContinuous() (gas: 36802)
[PASS] test_PriceMonotonicIncreasing() (gas: 101925)
[PASS] test_SellDecreasesPrice() (gas: 70930)
[PASS] test_SellMoreThanSupply() (gas: 24555)
[PASS] test_SellZeroPSP() (gas: 24643)
[PASS] test_SmallSwapLowSlippage() (gas: 84433)
[PASS] test_TimingsFullAxisRoundtrip() (gas: 2247)
[PASS] test_TimingsGuards() (gas: 91395)
[PASS] test_TimingsLayout() (gas: 1174)
[PASS] test_TimingsPackCappedRoundtrip() (gas: 1996)
[PASS] test_TimingsPackRoundtrip() (gas: 869)
Suite result: ok. 29 passed; 0 failed; 0 skipped; finished in 310.64ms (1.22s CPU time)

Ran 1 test suite in 480.75ms (310.64ms CPU time): 29 tests passed, 0 failed, 0 skipped (29 total tests)
